ΓÜí∩╕Å @cloudflare/next-on-pages CLI v.1.13.16
node.exe : 
At line:1 char:1
+ & "C:\Program Files\nodejs/node.exe" "C:\Program Files\nodejs/node_mo ...
+ ~~~~~~~~~~~~~~~~~~~~~~~~~~~~~~~~~~~~~~~~~~~~~~~~~~~~~~~~~~~~~~~~~~~~~
    + CategoryInfo          : NotSpecified: (:String) [], RemoteException
    + FullyQualifiedErrorId : NativeCommandError
 
ΓÜí∩╕Å Warning: It seems like you're on a Windows system, the Vercel CLI (run 
by @cloudflare/next-on-pages
ΓÜí∩╕Å to build your application) seems not to work reliably on Windows so if 
you experience issues during
ΓÜí∩╕Å the build process please try switching to a different operating system 
or running
ΓÜí∩╕Å @cloudflare/next-on-pages under the Windows Subsystem for Linux

